// Jest Snapshot v1, https://goo.gl/fbAQLP

exports[`<GamePage /> with no props should match the snapshot 1`] = `"<div class=\\"SM-gamePage\\"><div role=\\"alert\\" class=\\"fade alert alert-info show\\">You have 3 chances left</div><div><div class=\\"SM-card\\"><input type=\\"checkbox\\" value=\\"3\\"/><div class=\\"SM-front s3\\"></div><div class=\\"SM-back\\"></div></div><div class=\\"SM-card\\"><input type=\\"checkbox\\" value=\\"9\\"/><div class=\\"SM-front s9\\"></div><div class=\\"SM-back\\"></div></div><div class=\\"SM-card\\"><input type=\\"checkbox\\" value=\\"6\\"/><div class=\\"SM-front s6\\"></div><div class=\\"SM-back\\"></div></div><div class=\\"SM-card\\"><input type=\\"checkbox\\" value=\\"7\\"/><div class=\\"SM-front s7\\"></div><div class=\\"SM-back\\"></div></div></div><div><div class=\\"SM-card\\"><input type=\\"checkbox\\" value=\\"2\\"/><div class=\\"SM-front s2\\"></div><div class=\\"SM-back\\"></div></div><div class=\\"SM-card\\"><input type=\\"checkbox\\" value=\\"5\\"/><div class=\\"SM-front s5\\"></div><div class=\\"SM-back\\"></div></div><div class=\\"SM-card\\"><input type=\\"checkbox\\" value=\\"7\\"/><div class=\\"SM-front s7\\"></div><div class=\\"SM-back\\"></div></div><div class=\\"SM-card\\"><input type=\\"checkbox\\" value=\\"8\\"/><div class=\\"SM-front s8\\"></div><div class=\\"SM-back\\"></div></div></div><div><div class=\\"SM-card\\"><input type=\\"checkbox\\" value=\\"9\\"/><div class=\\"SM-front s9\\"></div><div class=\\"SM-back\\"></div></div><div class=\\"SM-card\\"><input type=\\"checkbox\\" value=\\"2\\"/><div class=\\"SM-front s2\\"></div><div class=\\"SM-back\\"></div></div><div class=\\"SM-card\\"><input type=\\"checkbox\\" value=\\"3\\"/><div class=\\"SM-front s3\\"></div><div class=\\"SM-back\\"></div></div><div class=\\"SM-card\\"><input type=\\"checkbox\\" value=\\"8\\"/><div class=\\"SM-front s8\\"></div><div class=\\"SM-back\\"></div></div></div></div>"`;
